

Symbols from C:\Users\debra\AppData\Local\arduino\sketches\66718F68928DA0F874EAE0236ADBD92E/strandtest_wheel.ino.elf:

Name                  Value   Class        Type         Size     Line  Section

__heap_end          |00000000|   W  |            NOTYPE|        |     |*ABS*
__TEXT_REGION_ORIGIN__|00000000|   W  |            NOTYPE|        |     |*ABS*
__tmp_reg__         |00000000|   a  |            NOTYPE|        |     |*ABS*
__tmp_reg__         |00000000|   a  |            NOTYPE|        |     |*ABS*
__vector_default    |00000000|   W  |            NOTYPE|        |     |.text	../../../../crt1/gcrt1.S:61
__vectors           |00000000|   T  |            NOTYPE|        |     |.text	../../../../crt1/gcrt1.S:61
__zero_reg__        |00000001|   a  |            NOTYPE|        |     |*ABS*
__zero_reg__        |00000001|   a  |            NOTYPE|        |     |*ABS*
__FUSE_REGION_LENGTH__|0000000a|   A  |            NOTYPE|        |     |*ABS*
__CCP__             |00000034|   a  |            NOTYPE|        |     |*ABS*
__CCP__             |00000034|   a  |            NOTYPE|        |     |*ABS*
__SP_L__            |0000003d|   a  |            NOTYPE|        |     |*ABS*
__SP_L__            |0000003d|   a  |            NOTYPE|        |     |*ABS*
__SP_H__            |0000003e|   a  |            NOTYPE|        |     |*ABS*
__SP_H__            |0000003e|   a  |            NOTYPE|        |     |*ABS*
__SREG__            |0000003f|   a  |            NOTYPE|        |     |*ABS*
__SREG__            |0000003f|   a  |            NOTYPE|        |     |*ABS*
__ctors_start       |00000078|   T  |            NOTYPE|        |     |.text
__trampolines_end   |00000078|   T  |            NOTYPE|        |     |.text
__trampolines_start |00000078|   T  |            NOTYPE|        |     |.text
__ctors_end         |0000007a|   T  |            NOTYPE|        |     |.text
__dtors_start       |0000007a|   T  |            NOTYPE|        |     |.text
__dtors_end         |0000007c|   T  |            NOTYPE|        |     |.text	../../../../crt1/gcrt1.S:230
__init              |0000007c|   W  |            NOTYPE|        |     |.text	../../../../crt1/gcrt1.S:230
_initThreeStuff()   |00000088|   T  |              FUNC|00000018|     |.text	C:\Users\debra\AppData\Local\Arduino15\packages\megaTinyCore\hardware\megaavr\2.6.10\cores\megatinycore/main.cpp:149
__do_clear_bss      |000000a0|   T  |            NOTYPE|00000010|     |.text	/home/admin/Arduino/toolchain-avr-special-master/gcc-build/avr/avrxmega3/libgcc/../../../../gcc/libgcc/config/avr/lib1funcs.S:2441
.do_clear_bss_loop  |000000a8|   t  |            NOTYPE|        |     |.text	/home/admin/Arduino/toolchain-avr-special-master/gcc-build/avr/avrxmega3/libgcc/../../../../gcc/libgcc/config/avr/lib1funcs.S:2446
.do_clear_bss_start |000000aa|   t  |            NOTYPE|        |     |.text	/home/admin/Arduino/toolchain-avr-special-master/gcc-build/avr/avrxmega3/libgcc/../../../../gcc/libgcc/config/avr/lib1funcs.S:2448
__do_copy_data      |000000b0|   T  |            NOTYPE|00000016|     |.text	/home/admin/Arduino/toolchain-avr-special-master/gcc-build/avr/avrxmega3/libgcc/../../../../gcc/libgcc/config/avr/lib1funcs.S:2409
__do_global_ctors   |000000c6|   T  |            NOTYPE|00000014|     |.text	/home/admin/Arduino/toolchain-avr-special-master/gcc-build/avr/avrxmega3/libgcc/../../../../gcc/libgcc/config/avr/lib1funcs.S:2466
__bad_interrupt     |000000de|   T  |            NOTYPE|        |     |.text	../../../../crt1/gcrt1.S:315
__vector_1          |000000de|   W  |            NOTYPE|        |     |.text	../../../../crt1/gcrt1.S:315
__vector_10         |000000de|   W  |            NOTYPE|        |     |.text	../../../../crt1/gcrt1.S:315
__vector_11         |000000de|   W  |            NOTYPE|        |     |.text	../../../../crt1/gcrt1.S:315
__vector_12         |000000de|   W  |            NOTYPE|        |     |.text	../../../../crt1/gcrt1.S:315
__vector_13         |000000de|   W  |            NOTYPE|        |     |.text	../../../../crt1/gcrt1.S:315
__vector_14         |000000de|   W  |            NOTYPE|        |     |.text	../../../../crt1/gcrt1.S:315
__vector_15         |000000de|   W  |            NOTYPE|        |     |.text	../../../../crt1/gcrt1.S:315
__vector_16         |000000de|   W  |            NOTYPE|        |     |.text	../../../../crt1/gcrt1.S:315
__vector_17         |000000de|   W  |            NOTYPE|        |     |.text	../../../../crt1/gcrt1.S:315
__vector_18         |000000de|   W  |            NOTYPE|        |     |.text	../../../../crt1/gcrt1.S:315
__vector_19         |000000de|   W  |            NOTYPE|        |     |.text	../../../../crt1/gcrt1.S:315
__vector_2          |000000de|   W  |            NOTYPE|        |     |.text	../../../../crt1/gcrt1.S:315
__vector_20         |000000de|   W  |            NOTYPE|        |     |.text	../../../../crt1/gcrt1.S:315
__vector_21         |000000de|   W  |            NOTYPE|        |     |.text	../../../../crt1/gcrt1.S:315
__vector_22         |000000de|   W  |            NOTYPE|        |     |.text	../../../../crt1/gcrt1.S:315
__vector_23         |000000de|   W  |            NOTYPE|        |     |.text	../../../../crt1/gcrt1.S:315
__vector_24         |000000de|   W  |            NOTYPE|        |     |.text	../../../../crt1/gcrt1.S:315
__vector_26         |000000de|   W  |            NOTYPE|        |     |.text	../../../../crt1/gcrt1.S:315
__vector_27         |000000de|   W  |            NOTYPE|        |     |.text	../../../../crt1/gcrt1.S:315
__vector_28         |000000de|   W  |            NOTYPE|        |     |.text	../../../../crt1/gcrt1.S:315
__vector_29         |000000de|   W  |            NOTYPE|        |     |.text	../../../../crt1/gcrt1.S:315
__vector_3          |000000de|   W  |            NOTYPE|        |     |.text	../../../../crt1/gcrt1.S:315
__vector_4          |000000de|   W  |            NOTYPE|        |     |.text	../../../../crt1/gcrt1.S:315
__vector_5          |000000de|   W  |            NOTYPE|        |     |.text	../../../../crt1/gcrt1.S:315
__vector_6          |000000de|   W  |            NOTYPE|        |     |.text	../../../../crt1/gcrt1.S:315
__vector_7          |000000de|   W  |            NOTYPE|        |     |.text	../../../../crt1/gcrt1.S:315
__vector_8          |000000de|   W  |            NOTYPE|        |     |.text	../../../../crt1/gcrt1.S:315
__vector_9          |000000de|   W  |            NOTYPE|        |     |.text	../../../../crt1/gcrt1.S:315
Adafruit_NeoPixel::setPixelColor(unsigned int, unsigned long) [clone .constprop.5]|000000e0|   t  |              FUNC|000000e2|     |.text	c:\Users\debra\Dropbox\Documents\Arduino\libraries\Adafruit_NeoPixel/Adafruit_NeoPixel.cpp:3389
__EEPROM_REGION_LENGTH__|00000100|   A  |            NOTYPE|        |     |*ABS*
micros              |000001c2|   t  |              FUNC|00000050|     |.text	C:\Users\debra\AppData\Local\Arduino15\packages\megaTinyCore\hardware\megaavr\2.6.10\cores\megatinycore/wiring.c:499
Adafruit_NeoPixel::show() [clone .constprop.9]|00000212|   t  |              FUNC|00000196|     |.text	c:\Users\debra\Dropbox\Documents\Arduino\libraries\Adafruit_NeoPixel/Adafruit_NeoPixel.cpp:419
head20              |000002d8|   t  |            NOTYPE|        |     |.text	c:\Users\debra\Dropbox\Documents\Arduino\libraries\Adafruit_NeoPixel/Adafruit_NeoPixel.cpp:1739
nextbyte20          |000002f4|   t  |            NOTYPE|        |     |.text	c:\Users\debra\Dropbox\Documents\Arduino\libraries\Adafruit_NeoPixel/Adafruit_NeoPixel.cpp:1739
head40              |0000035a|   t  |            NOTYPE|        |     |.text	c:\Users\debra\Dropbox\Documents\Arduino\libraries\Adafruit_NeoPixel/Adafruit_NeoPixel.cpp:1824
nextbyte40          |0000038a|   t  |            NOTYPE|        |     |.text	c:\Users\debra\Dropbox\Documents\Arduino\libraries\Adafruit_NeoPixel/Adafruit_NeoPixel.cpp:1824
delay               |000003a8|   t  |              FUNC|00000052|     |.text	C:\Users\debra\AppData\Local\Arduino15\packages\megaTinyCore\hardware\megaavr\2.6.10\cores\megatinycore/wiring.c:961
colorWipe(unsigned long, unsigned char) [clone .constprop.4]|000003fa|   t  |              FUNC|00000048|     |.text	C:\Users\debra\Dropbox\Documents\Arduino\strandtest_wheel/strandtest_wheel.ino:52
__LOCK_REGION_LENGTH__|00000400|   A  |            NOTYPE|        |     |*ABS*
__SIGNATURE_REGION_LENGTH__|00000400|   A  |            NOTYPE|        |     |*ABS*
__USER_SIGNATURE_REGION_LENGTH__|00000400|   A  |            NOTYPE|        |     |*ABS*
theaterChase(unsigned long, unsigned char) [clone .constprop.3]|00000442|   t  |              FUNC|0000009e|     |.text	C:\Users\debra\Dropbox\Documents\Arduino\strandtest_wheel/strandtest_wheel.ino:58
Wheel(unsigned char)|000004e0|   t  |              FUNC|00000078|     |.text	C:\Users\debra\Dropbox\Documents\Arduino\strandtest_wheel/strandtest_wheel.ino:101
digitalWrite.constprop.17|00000558|   t  |              FUNC|00000096|     |.text	c:\Users\debra\Dropbox\Documents\Arduino\libraries\Adafruit_NeoPixel/Adafruit_NeoPixel.h:347
pinMode             |000005ee|   t  |              FUNC|00000042|     |.text	C:\Users\debra\AppData\Local\Arduino15\packages\megaTinyCore\hardware\megaavr\2.6.10\cores\megatinycore/wiring_digital.c:41
__vector_25         |00000630|   T  |              FUNC|00000038|     |.text	C:\Users\debra\AppData\Local\Arduino15\packages\megaTinyCore\hardware\megaavr\2.6.10\cores\megatinycore/wiring.c:202
main                |00000668|   T  |              FUNC|00000218|     |.text	C:\Users\debra\AppData\Local\Arduino15\packages\megaTinyCore\hardware\megaavr\2.6.10\cores\megatinycore/main.cpp:49
_GLOBAL__sub_I_strip|00000880|   t  |              FUNC|000000a4|     |.text
_GLOBAL__sub_D_strip|00000924|   t  |              FUNC|0000001c|     |.text
__udivmodhi4        |00000940|   T  |            NOTYPE|00000028|     |.text	/home/admin/Arduino/toolchain-avr-special-master/gcc-build/avr/avrxmega3/libgcc/../../../../gcc/libgcc/config/avr/lib1funcs.S:1408
__udivmodhi4_loop   |00000948|   t  |            NOTYPE|        |     |.text	/home/admin/Arduino/toolchain-avr-special-master/gcc-build/avr/avrxmega3/libgcc/../../../../gcc/libgcc/config/avr/lib1funcs.S:1413
__udivmodhi4_ep     |00000956|   t  |            NOTYPE|        |     |.text	/home/admin/Arduino/toolchain-avr-special-master/gcc-build/avr/avrxmega3/libgcc/../../../../gcc/libgcc/config/avr/lib1funcs.S:1421
__muluhisi3         |00000968|   T  |            NOTYPE|00000014|     |.text	/home/admin/Arduino/toolchain-avr-special-master/gcc-build/avr/avrxmega3/libgcc/../../../../gcc/libgcc/config/avr/lib1funcs.S:626
__tablejump2__      |0000097c|   T  |            NOTYPE|0000000c|     |.text	/home/admin/Arduino/toolchain-avr-special-master/gcc-build/avr/avrxmega3/libgcc/../../../../gcc/libgcc/config/avr/lib1funcs.S:2296
__umulhisi3         |00000988|   T  |            NOTYPE|0000001e|     |.text	/home/admin/Arduino/toolchain-avr-special-master/gcc-build/avr/avrxmega3/libgcc/../../../../gcc/libgcc/config/avr/lib1funcs.S:564
malloc              |000009a6|   T  |              FUNC|00000138|     |.text
free                |00000ade|   T  |              FUNC|00000112|     |.text
__do_global_dtors   |00000bf0|   T  |            NOTYPE|00000014|     |.text	/home/admin/Arduino/toolchain-avr-special-master/gcc-build/avr/avrxmega3/libgcc/../../../../gcc/libgcc/config/avr/lib1funcs.S:2496
_exit               |00000bf0|   T  |            NOTYPE|        |     |.text	/home/admin/Arduino/toolchain-avr-special-master/gcc-build/avr/avrxmega3/libgcc/../../../../gcc/libgcc/config/avr/lib1funcs.S:2496
exit                |00000bf0|   W  |            NOTYPE|        |     |.text	/home/admin/Arduino/toolchain-avr-special-master/gcc-build/avr/avrxmega3/libgcc/../../../../gcc/libgcc/config/avr/lib1funcs.S:2496
__DATA_REGION_LENGTH__|00000c00|   A  |            NOTYPE|        |     |*ABS*
__stop_program      |00000c06|   t  |            NOTYPE|        |     |.text	/home/admin/Arduino/toolchain-avr-special-master/gcc-build/avr/avrxmega3/libgcc/../../../../gcc/libgcc/config/avr/lib1funcs.S:2280
_etext              |00000c08|   T  |            NOTYPE|        |     |.text
__data_load_start   |00000c38|   A  |            NOTYPE|        |     |*ABS*
__data_load_end     |00000c3e|   A  |            NOTYPE|        |     |*ABS*
__stack             |00003fff|   W  |            NOTYPE|        |     |*ABS*
__RODATA_PM_OFFSET__|00008000|   A  |            NOTYPE|        |     |*ABS*
__TEXT_REGION_LENGTH__|00008000|   A  |            NOTYPE|        |     |*ABS*
digital_pin_to_timer|00008c08|   r  |            OBJECT|0000000c|     |.rodata	C:\Users\debra\AppData\Local\Arduino15\packages\megaTinyCore\hardware\megaavr\2.6.10\variants\txy4/pins_arduino.h:275
digital_pin_to_bit_position|00008c14|   r  |            OBJECT|0000000c|     |.rodata	C:\Users\debra\AppData\Local\Arduino15\packages\megaTinyCore\hardware\megaavr\2.6.10\variants\txy4/pins_arduino.h:237
digital_pin_to_port |00008c20|   r  |            OBJECT|0000000c|     |.rodata	C:\Users\debra\AppData\Local\Arduino15\packages\megaTinyCore\hardware\megaavr\2.6.10\variants\txy4/pins_arduino.h:218
digital_pin_to_bit_mask|00008c2c|   r  |            OBJECT|0000000c|     |.rodata	C:\Users\debra\AppData\Local\Arduino15\packages\megaTinyCore\hardware\megaavr\2.6.10\variants\txy4/pins_arduino.h:256
__DATA_REGION_ORIGIN__|00803400|   A  |            NOTYPE|        |     |*ABS*
__data_start        |00803400|   D  |            NOTYPE|        |     |.data
__malloc_heap_end   |00803400|   D  |            OBJECT|00000002|     |.data
__malloc_heap_start |00803402|   D  |            OBJECT|00000002|     |.data
__malloc_margin     |00803404|   D  |            OBJECT|00000002|     |.data
__bss_start         |00803406|   B  |            NOTYPE|        |     |.bss
__data_end          |00803406|   D  |            NOTYPE|        |     |.data
_edata              |00803406|   D  |            NOTYPE|        |     |.data
timingStruct        |00803406|   b  |            OBJECT|00000004|     |.bss	C:\Users\debra\AppData\Local\Arduino15\packages\megaTinyCore\hardware\megaavr\2.6.10\cores\megatinycore/wiring.c:189
strip               |0080340a|   b  |            OBJECT|00000016|     |.bss	C:\Users\debra\Dropbox\Documents\Arduino\strandtest_wheel/strandtest_wheel.ino:16
__brkval            |00803420|   B  |            OBJECT|00000002|     |.bss
__flp               |00803422|   B  |            OBJECT|00000002|     |.bss
__bss_end           |00803424|   B  |            NOTYPE|        |     |.bss
__heap_start        |00803424|   N  |            NOTYPE|        |     |.comment
_end                |00803424|   N  |            NOTYPE|        |     |.comment
__eeprom_end        |00810000|   N  |            NOTYPE|        |     |.comment
